
> web@0.1.0 build C:\Users\Minhaj\WebDesign\pickfoo_dev\restaurant\frontend
> next build

Γû▓ Next.js 16.1.4 (Turbopack)

  Creating an optimized production build ...
Γ£ô Compiled successfully in 20.6s
  Running TypeScript ...
  Collecting page data using 3 workers ...
  Generating static pages using 3 workers (0/12) ...
  Generating static pages using 3 workers (3/12) 
  Generating static pages using 3 workers (6/12) 
  Generating static pages using 3 workers (9/12) 
Γ£ô Generating static pages using 3 workers (12/12) in 1307.7ms
  Finalizing page optimization ...

Route (app)
Γöî Γùï /
Γö£ Γùï /_not-found
Γö£ Γùï /login
Γö£ Γùï /menu
Γö£ Γùï /orders
Γö£ Γùï /register
Γö£ Γùï /restaurants
Γö£ Γùï /reviews
Γö£ Γùï /transactions
Γöö Γùï /verify-email


Γùï  (Static)  prerendered as static content

