app/(owner)/menu/page.tsx(61,5): error TS2322: Type 'Resolver<{ name: string; description: string; price: unknown; category: string; isVeg?: boolean | undefined; isActive?: boolean | undefined; image?: string | undefined; }, any, { name: string; description: string; ... 4 more ...; image?: string | undefined; }>' is not assignable to type 'Resolver<{ name: string; description: string; price: number; category: string; isVeg: boolean; isActive: boolean; image?: string | undefined; }, any, { name: string; description: string; price: number; category: string; isVeg: boolean; isActive: boolean; image?: string | undefined; }>'.
  Types of parameters 'options' and 'options' are incompatible.
    Type 'ResolverOptions<{ name: string; description: string; price: number; category: string; isVeg: boolean; isActive: boolean; image?: string | undefined; }>' is not assignable to type 'ResolverOptions<{ name: string; description: string; price: unknown; category: string; isVeg?: boolean | undefined; isActive?: boolean | undefined; image?: string | undefined; }>'.
      Type 'unknown' is not assignable to type 'number'.
app/(owner)/menu/page.tsx(249,42): error TS2345: Argument of type '(data: MenuItemFormData) => Promise<void>' is not assignable to parameter of type 'SubmitHandler<TFieldValues>'.
  Types of parameters 'data' and 'data' are incompatible.
    Type 'TFieldValues' is not assignable to type '{ name: string; description: string; price: number; category: string; isVeg: boolean; isActive: boolean; image?: string | undefined; }'.
      Type 'FieldValues' is missing the following properties from type '{ name: string; description: string; price: number; category: string; isVeg: boolean; isActive: boolean; image?: string | undefined; }': name, description, price, category, and 2 more.
